Microsoft Windows [Version 10.0.19042.1348]
(c) Microsoft Corporation. All rights reserved.

C:\Users\Elizabeth Shi>ssh replica@52.191.194.105
The authenticity of host '52.191.194.105 (52.191.194.105)' can't be established.
ECDSA key fingerprint is SHA256:iyGSpU1e5vJkYvC791uVQew1tG9aZZfDLIQi/u86Hjk.
Are you sure you want to continue connecting (yes/no/[fingerprint])? yes
Warning: Permanently added '52.191.194.105' (ECDSA) to the list of known hosts.
replica@52.191.194.105's password:
Welcome to Ubuntu 18.04.6 LTS (GNU/Linux 5.4.0-1064-azure x86_64)

 * Documentation:  https://help.ubuntu.com
 * Management:     https://landscape.canonical.com
 * Support:        https://ubuntu.com/advantage

  System information as of Thu Dec 16 21:12:21 UTC 2021

  System load:  0.08              Processes:           98
  Usage of /:   4.7% of 28.90GB   Users logged in:     0
  Memory usage: 20%               IP address for eth0: 10.1.0.5
  Swap usage:   0%

0 updates can be applied immediately.



The programs included with the Ubuntu system are free software;
the exact distribution terms for each program are described in the
individual files in /usr/share/doc/*/copyright.

Ubuntu comes with ABSOLUTELY NO WARRANTY, to the extent permitted by
applicable law.

To run a command as administrator (user "root"), use "sudo <command>".
See "man sudo_root" for details.

replica@replica:~$ sudo apt-get update
Hit:1 http://azure.archive.ubuntu.com/ubuntu bionic InRelease
Get:2 http://azure.archive.ubuntu.com/ubuntu bionic-updates InRelease [88.7 kB]
Get:3 http://azure.archive.ubuntu.com/ubuntu bionic-backports InRelease [74.6 kB]
Get:4 http://security.ubuntu.com/ubuntu bionic-security InRelease [88.7 kB]
Get:5 http://azure.archive.ubuntu.com/ubuntu bionic/universe amd64 Packages [8570 kB]
Get:6 http://azure.archive.ubuntu.com/ubuntu bionic/universe Translation-en [4941 kB]
Get:7 http://azure.archive.ubuntu.com/ubuntu bionic/multiverse amd64 Packages [151 kB]
Get:8 http://azure.archive.ubuntu.com/ubuntu bionic/multiverse Translation-en [108 kB]
Get:9 http://azure.archive.ubuntu.com/ubuntu bionic-updates/main amd64 Packages [2329 kB]
Get:10 http://azure.archive.ubuntu.com/ubuntu bionic-updates/restricted amd64 Packages [559 kB]
Get:11 http://azure.archive.ubuntu.com/ubuntu bionic-updates/universe amd64 Packages [1772 kB]
Get:12 http://azure.archive.ubuntu.com/ubuntu bionic-updates/universe Translation-en [384 kB]
Get:13 http://azure.archive.ubuntu.com/ubuntu bionic-updates/multiverse amd64 Packages [27.3 kB]
Get:14 http://azure.archive.ubuntu.com/ubuntu bionic-updates/multiverse Translation-en [6808 B]
Get:15 http://azure.archive.ubuntu.com/ubuntu bionic-backports/main amd64 Packages [10.3 kB]
Get:16 http://azure.archive.ubuntu.com/ubuntu bionic-backports/main Translation-en [4824 B]
Get:17 http://azure.archive.ubuntu.com/ubuntu bionic-backports/universe amd64 Packages [11.3 kB]
Get:18 http://azure.archive.ubuntu.com/ubuntu bionic-backports/universe Translation-en [5772 B]
Get:19 http://security.ubuntu.com/ubuntu bionic-security/main amd64 Packages [1982 kB]
Get:20 http://security.ubuntu.com/ubuntu bionic-security/main Translation-en [355 kB]
Get:21 http://security.ubuntu.com/ubuntu bionic-security/restricted amd64 Packages [535 kB]
Get:22 http://security.ubuntu.com/ubuntu bionic-security/restricted Translation-en [72.4 kB]
Get:23 http://security.ubuntu.com/ubuntu bionic-security/universe amd64 Packages [1158 kB]
Get:24 http://security.ubuntu.com/ubuntu bionic-security/universe Translation-en [266 kB]
Get:25 http://security.ubuntu.com/ubuntu bionic-security/multiverse amd64 Packages [20.9 kB]
Get:26 http://security.ubuntu.com/ubuntu bionic-security/multiverse Translation-en [4732 B]
Fetched 23.5 MB in 4s (5289 kB/s)
Reading package lists... Done
replica@replica:~$ sudo apt intall mysql-server mysql-client
E: Invalid operation intall
replica@replica:~$ sudo apt install mysql-server mysql-client
Reading package lists... Done
Building dependency tree
Reading state information... Done
The following package was automatically installed and is no longer required:
  linux-headers-4.15.0-163
Use 'sudo apt autoremove' to remove it.
The following additional packages will be installed:
  libaio1 libcgi-fast-perl libcgi-pm-perl libencode-locale-perl libevent-core-2.1-6 libfcgi-perl libhtml-parser-perl
  libhtml-tagset-perl libhtml-template-perl libhttp-date-perl libhttp-message-perl libio-html-perl
  liblwp-mediatypes-perl libtimedate-perl liburi-perl mysql-client-5.7 mysql-client-core-5.7 mysql-common
  mysql-server-5.7 mysql-server-core-5.7
Suggested packages:
  libdata-dump-perl libipc-sharedcache-perl libwww-perl mailx tinyca
The following NEW packages will be installed:
  libaio1 libcgi-fast-perl libcgi-pm-perl libencode-locale-perl libevent-core-2.1-6 libfcgi-perl libhtml-parser-perl
  libhtml-tagset-perl libhtml-template-perl libhttp-date-perl libhttp-message-perl libio-html-perl
  liblwp-mediatypes-perl libtimedate-perl liburi-perl mysql-client mysql-client-5.7 mysql-client-core-5.7 mysql-common
  mysql-server mysql-server-5.7 mysql-server-core-5.7
0 upgraded, 22 newly installed, 0 to remove and 18 not upgraded.
Need to get 19.7 MB of archives.
After this operation, 156 MB of additional disk space will be used.
Do you want to continue? [Y/n] y
Get:1 http://azure.archive.ubuntu.com/ubuntu bionic/main amd64 mysql-common all 5.8+1.0.4 [7308 B]
Get:2 http://azure.archive.ubuntu.com/ubuntu bionic-updates/main amd64 libaio1 amd64 0.3.110-5ubuntu0.1 [6476 B]
Get:3 http://azure.archive.ubuntu.com/ubuntu bionic-updates/main amd64 mysql-client-core-5.7 amd64 5.7.36-0ubuntu0.18.04.1 [6638 kB]
Get:4 http://azure.archive.ubuntu.com/ubuntu bionic-updates/main amd64 mysql-client-5.7 amd64 5.7.36-0ubuntu0.18.04.1 [1942 kB]
Get:5 http://azure.archive.ubuntu.com/ubuntu bionic-updates/main amd64 mysql-server-core-5.7 amd64 5.7.36-0ubuntu0.18.04.1 [7426 kB]
Get:6 http://azure.archive.ubuntu.com/ubuntu bionic/main amd64 libevent-core-2.1-6 amd64 2.1.8-stable-4build1 [85.9 kB]
Get:7 http://azure.archive.ubuntu.com/ubuntu bionic-updates/main amd64 mysql-server-5.7 amd64 5.7.36-0ubuntu0.18.04.1 [2906 kB]
Get:8 http://azure.archive.ubuntu.com/ubuntu bionic/main amd64 libhtml-tagset-perl all 3.20-3 [12.1 kB]
Get:9 http://azure.archive.ubuntu.com/ubuntu bionic/main amd64 liburi-perl all 1.73-1 [77.2 kB]
Get:10 http://azure.archive.ubuntu.com/ubuntu bionic/main amd64 libhtml-parser-perl amd64 3.72-3build1 [85.9 kB]
Get:11 http://azure.archive.ubuntu.com/ubuntu bionic/main amd64 libcgi-pm-perl all 4.38-1 [185 kB]
Get:12 http://azure.archive.ubuntu.com/ubuntu bionic/main amd64 libfcgi-perl amd64 0.78-2build1 [32.8 kB]
Get:13 http://azure.archive.ubuntu.com/ubuntu bionic/main amd64 libcgi-fast-perl all 1:2.13-1 [9940 B]
Get:14 http://azure.archive.ubuntu.com/ubuntu bionic/main amd64 libencode-locale-perl all 1.05-1 [12.3 kB]
Get:15 http://azure.archive.ubuntu.com/ubuntu bionic/main amd64 libhtml-template-perl all 2.97-1 [59.0 kB]
Get:16 http://azure.archive.ubuntu.com/ubuntu bionic/main amd64 libtimedate-perl all 2.3000-2 [37.5 kB]
Get:17 http://azure.archive.ubuntu.com/ubuntu bionic/main amd64 libhttp-date-perl all 6.02-1 [10.4 kB]
Get:18 http://azure.archive.ubuntu.com/ubuntu bionic/main amd64 libio-html-perl all 1.001-1 [14.9 kB]
Get:19 http://azure.archive.ubuntu.com/ubuntu bionic/main amd64 liblwp-mediatypes-perl all 6.02-1 [21.7 kB]
Get:20 http://azure.archive.ubuntu.com/ubuntu bionic/main amd64 libhttp-message-perl all 6.14-1 [72.1 kB]
Get:21 http://azure.archive.ubuntu.com/ubuntu bionic-updates/main amd64 mysql-client all 5.7.36-0ubuntu0.18.04.1 [9824 B]
Get:22 http://azure.archive.ubuntu.com/ubuntu bionic-updates/main amd64 mysql-server all 5.7.36-0ubuntu0.18.04.1 [9944 B]
Fetched 19.7 MB in 0s (60.0 MB/s)
Preconfiguring packages ...
Selecting previously unselected package mysql-common.
(Reading database ... 76990 files and directories currently installed.)
Preparing to unpack .../0-mysql-common_5.8+1.0.4_all.deb ...
Unpacking mysql-common (5.8+1.0.4) ...
Selecting previously unselected package libaio1:amd64.
Preparing to unpack .../1-libaio1_0.3.110-5ubuntu0.1_amd64.deb ...
Unpacking libaio1:amd64 (0.3.110-5ubuntu0.1) ...
Selecting previously unselected package mysql-client-core-5.7.
Preparing to unpack .../2-mysql-client-core-5.7_5.7.36-0ubuntu0.18.04.1_amd64.deb ...
Unpacking mysql-client-core-5.7 (5.7.36-0ubuntu0.18.04.1) ...
Selecting previously unselected package mysql-client-5.7.
Preparing to unpack .../3-mysql-client-5.7_5.7.36-0ubuntu0.18.04.1_amd64.deb ...
Unpacking mysql-client-5.7 (5.7.36-0ubuntu0.18.04.1) ...
Selecting previously unselected package mysql-server-core-5.7.
Preparing to unpack .../4-mysql-server-core-5.7_5.7.36-0ubuntu0.18.04.1_amd64.deb ...
Unpacking mysql-server-core-5.7 (5.7.36-0ubuntu0.18.04.1) ...
Selecting previously unselected package libevent-core-2.1-6:amd64.
Preparing to unpack .../5-libevent-core-2.1-6_2.1.8-stable-4build1_amd64.deb ...
Unpacking libevent-core-2.1-6:amd64 (2.1.8-stable-4build1) ...
Setting up mysql-common (5.8+1.0.4) ...
update-alternatives: using /etc/mysql/my.cnf.fallback to provide /etc/mysql/my.cnf (my.cnf) in auto mode
Selecting previously unselected package mysql-server-5.7.
(Reading database ... 77158 files and directories currently installed.)
Preparing to unpack .../00-mysql-server-5.7_5.7.36-0ubuntu0.18.04.1_amd64.deb ...
Unpacking mysql-server-5.7 (5.7.36-0ubuntu0.18.04.1) ...
Selecting previously unselected package libhtml-tagset-perl.
Preparing to unpack .../01-libhtml-tagset-perl_3.20-3_all.deb ...
Unpacking libhtml-tagset-perl (3.20-3) ...
Selecting previously unselected package liburi-perl.
Preparing to unpack .../02-liburi-perl_1.73-1_all.deb ...
Unpacking liburi-perl (1.73-1) ...
Selecting previously unselected package libhtml-parser-perl.
Preparing to unpack .../03-libhtml-parser-perl_3.72-3build1_amd64.deb ...
Unpacking libhtml-parser-perl (3.72-3build1) ...
Selecting previously unselected package libcgi-pm-perl.
Preparing to unpack .../04-libcgi-pm-perl_4.38-1_all.deb ...
Unpacking libcgi-pm-perl (4.38-1) ...
Selecting previously unselected package libfcgi-perl.
Preparing to unpack .../05-libfcgi-perl_0.78-2build1_amd64.deb ...
Unpacking libfcgi-perl (0.78-2build1) ...
Selecting previously unselected package libcgi-fast-perl.
Preparing to unpack .../06-libcgi-fast-perl_1%3a2.13-1_all.deb ...
Unpacking libcgi-fast-perl (1:2.13-1) ...
Selecting previously unselected package libencode-locale-perl.
Preparing to unpack .../07-libencode-locale-perl_1.05-1_all.deb ...
Unpacking libencode-locale-perl (1.05-1) ...
Selecting previously unselected package libhtml-template-perl.
Preparing to unpack .../08-libhtml-template-perl_2.97-1_all.deb ...
Unpacking libhtml-template-perl (2.97-1) ...
Selecting previously unselected package libtimedate-perl.
Preparing to unpack .../09-libtimedate-perl_2.3000-2_all.deb ...
Unpacking libtimedate-perl (2.3000-2) ...
Selecting previously unselected package libhttp-date-perl.
Preparing to unpack .../10-libhttp-date-perl_6.02-1_all.deb ...
Unpacking libhttp-date-perl (6.02-1) ...
Selecting previously unselected package libio-html-perl.
Preparing to unpack .../11-libio-html-perl_1.001-1_all.deb ...
Unpacking libio-html-perl (1.001-1) ...
Selecting previously unselected package liblwp-mediatypes-perl.
Preparing to unpack .../12-liblwp-mediatypes-perl_6.02-1_all.deb ...
Unpacking liblwp-mediatypes-perl (6.02-1) ...
Selecting previously unselected package libhttp-message-perl.
Preparing to unpack .../13-libhttp-message-perl_6.14-1_all.deb ...
Unpacking libhttp-message-perl (6.14-1) ...
Selecting previously unselected package mysql-client.
Preparing to unpack .../14-mysql-client_5.7.36-0ubuntu0.18.04.1_all.deb ...
Unpacking mysql-client (5.7.36-0ubuntu0.18.04.1) ...
Selecting previously unselected package mysql-server.
Preparing to unpack .../15-mysql-server_5.7.36-0ubuntu0.18.04.1_all.deb ...
Unpacking mysql-server (5.7.36-0ubuntu0.18.04.1) ...
Setting up libhtml-tagset-perl (3.20-3) ...
Setting up libevent-core-2.1-6:amd64 (2.1.8-stable-4build1) ...
Setting up libencode-locale-perl (1.05-1) ...
Setting up libtimedate-perl (2.3000-2) ...
Setting up libio-html-perl (1.001-1) ...
Setting up liblwp-mediatypes-perl (6.02-1) ...
Setting up libaio1:amd64 (0.3.110-5ubuntu0.1) ...
Setting up liburi-perl (1.73-1) ...
Setting up libhtml-parser-perl (3.72-3build1) ...
Setting up libcgi-pm-perl (4.38-1) ...
Setting up mysql-client-core-5.7 (5.7.36-0ubuntu0.18.04.1) ...
Setting up libfcgi-perl (0.78-2build1) ...
Setting up libhttp-date-perl (6.02-1) ...
Setting up libhtml-template-perl (2.97-1) ...
Setting up mysql-server-core-5.7 (5.7.36-0ubuntu0.18.04.1) ...
Setting up libcgi-fast-perl (1:2.13-1) ...
Setting up libhttp-message-perl (6.14-1) ...
Setting up mysql-client-5.7 (5.7.36-0ubuntu0.18.04.1) ...
Setting up mysql-client (5.7.36-0ubuntu0.18.04.1) ...
Setting up mysql-server-5.7 (5.7.36-0ubuntu0.18.04.1) ...
update-alternatives: using /etc/mysql/mysql.cnf to provide /etc/mysql/my.cnf (my.cnf) in auto mode
Renaming removed key_buffer and myisam-recover options (if present)
Created symlink /etc/systemd/system/multi-user.target.wants/mysql.service â†’ /lib/systemd/system/mysql.service.
Setting up mysql-server (5.7.36-0ubuntu0.18.04.1) ...
Processing triggers for libc-bin (2.27-3ubuntu1.4) ...
Processing triggers for systemd (237-3ubuntu10.52) ...
Processing triggers for man-db (2.8.3-2ubuntu0.1) ...
Processing triggers for ureadahead (0.100.0-21) ...
replica@replica:~$ sudo mysql
Welcome to the MySQL monitor.  Commands end with ; or \g.
Your MySQL connection id is 2
Server version: 5.7.36-0ubuntu0.18.04.1 (Ubuntu)

Copyright (c) 2000, 2021, Oracle and/or its affiliates.

Oracle is a registered trademark of Oracle Corporation and/or its
affiliates. Other names may be trademarks of their respective
owners.

Type 'help;' or '\h' for help. Type '\c' to clear the current input statement.

mysql> show databases;
+--------------------+
| Database           |
+--------------------+
| information_schema |
| mysql              |
| performance_schema |
| sys                |
+--------------------+
4 rows in set (0.00 sec)

mysql> create database tempdata;
Query OK, 1 row affected (0.00 sec)

mysql> exit;
Bye
replica@replica:~$ pwd
/home/replica
replica@replica:~$ ls
tempdata.sql
replica@replica:~$ sudo mysql tempdata < tempdata.sql
replica@replica:~$ nano /etc/mysql/mysql.conf.d/mysqld.cnf
replica@replica:~$ sudo nano /etc/mysql/mysql.conf.d/mysqld.cnf
replica@replica:~$ sudo service mysql restart
replica@replica:~$ sudo mysql
Welcome to the MySQL monitor.  Commands end with ; or \g.
Your MySQL connection id is 2
Server version: 5.7.36-0ubuntu0.18.04.1-log (Ubuntu)

Copyright (c) 2000, 2021, Oracle and/or its affiliates.

Oracle is a registered trademark of Oracle Corporation and/or its
affiliates. Other names may be trademarks of their respective
owners.

Type 'help;' or '\h' for help. Type '\c' to clear the current input statement.

mysql> change master to master_host='40.121.198.137',master_user ='dba',master_password='ahi2021',master_log_file='mysql-bin.000002',master_log_pos= 154;
Query OK, 0 rows affected, 2 warnings (0.23 sec)

mysql> start slave;
Query OK, 0 rows affected (0.00 sec)

mysql> show slave status\G;
*************************** 1. row ***************************
               Slave_IO_State: Waiting for master to send event
                  Master_Host: 40.121.198.137
                  Master_User: dba
                  Master_Port: 3306
                Connect_Retry: 60
              Master_Log_File: mysql-bin.000002
          Read_Master_Log_Pos: 154
               Relay_Log_File: mysql-relay-bin.000002
                Relay_Log_Pos: 320
        Relay_Master_Log_File: mysql-bin.000002
             Slave_IO_Running: Yes
            Slave_SQL_Running: Yes
              Replicate_Do_DB:
          Replicate_Ignore_DB:
           Replicate_Do_Table:
       Replicate_Ignore_Table:
      Replicate_Wild_Do_Table:
  Replicate_Wild_Ignore_Table:
                   Last_Errno: 0
                   Last_Error:
                 Skip_Counter: 0
          Exec_Master_Log_Pos: 154
              Relay_Log_Space: 527
              Until_Condition: None
               Until_Log_File:
                Until_Log_Pos: 0
           Master_SSL_Allowed: No
           Master_SSL_CA_File:
           Master_SSL_CA_Path:
              Master_SSL_Cert:
            Master_SSL_Cipher:
               Master_SSL_Key:
        Seconds_Behind_Master: 0
Master_SSL_Verify_Server_Cert: No
                Last_IO_Errno: 0
                Last_IO_Error:
               Last_SQL_Errno: 0
               Last_SQL_Error:
  Replicate_Ignore_Server_Ids:
             Master_Server_Id: 1
                  Master_UUID: 1ab3cd56-5eb5-11ec-b688-002248204c5a
             Master_Info_File: /var/lib/mysql/master.info
                    SQL_Delay: 0
          SQL_Remaining_Delay: NULL
      Slave_SQL_Running_State: Slave has read all relay log; waiting for more updates
           Master_Retry_Count: 86400
                  Master_Bind:
      Last_IO_Error_Timestamp:
     Last_SQL_Error_Timestamp:
               Master_SSL_Crl:
           Master_SSL_Crlpath:
           Retrieved_Gtid_Set:
            Executed_Gtid_Set:
                Auto_Position: 0
         Replicate_Rewrite_DB:
                 Channel_Name:
           Master_TLS_Version:
1 row in set (0.00 sec)

ERROR:
No query specified

mysql> exit;
Bye
replica@replica:~$ sudo mysql
Welcome to the MySQL monitor.  Commands end with ; or \g.
Your MySQL connection id is 5
Server version: 5.7.36-0ubuntu0.18.04.1-log (Ubuntu)

Copyright (c) 2000, 2021, Oracle and/or its affiliates.

Oracle is a registered trademark of Oracle Corporation and/or its
affiliates. Other names may be trademarks of their respective
owners.

Type 'help;' or '\h' for help. Type '\c' to clear the current input statement.

mysql> show databases;
+--------------------+
| Database           |
+--------------------+
| information_schema |
| mysql              |
| performance_schema |
| sys                |
| tempdata           |
+--------------------+
5 rows in set (0.00 sec)

mysql> use tempdata;
Reading table information for completion of table and column names
You can turn off this feature to get a quicker startup with -A

Database changed
mysql> show tables;
+--------------------+
| Tables_in_tempdata |
+--------------------+
| flu_vaccines       |
| h1n1               |
+--------------------+
2 rows in set (0.00 sec)

mysql> exit;
Bye
replica@replica:~$ sudo mysql
Welcome to the MySQL monitor.  Commands end with ; or \g.
Your MySQL connection id is 6
Server version: 5.7.36-0ubuntu0.18.04.1-log (Ubuntu)

Copyright (c) 2000, 2021, Oracle and/or its affiliates.

Oracle is a registered trademark of Oracle Corporation and/or its
affiliates. Other names may be trademarks of their respective
owners.

Type 'help;' or '\h' for help. Type '\c' to clear the current input statement.

mysql> use tempdata;
Reading table information for completion of table and column names
You can turn off this feature to get a quicker startup with -A

Database changed
mysql> select * from h1n1;
+--------+----------+---------------------+
| med_id | med_name | created_at          |
+--------+----------+---------------------+
|      1 | prozax   | 2021-12-16 23:18:11 |
|      2 | prozax   | 2021-12-16 23:18:44 |
|      3 | lipitor  | 2021-12-16 23:19:09 |
|      4 | heparin  | 2021-12-16 23:19:21 |
+--------+----------+---------------------+
4 rows in set (0.00 sec)

mysql>